[0.154] The font Hack Nerd Font was not found, falling back to Menlo
[0.154] The font Victor Mono Italic was not found, falling back to Menlo
[0.154] The font Victor Mono Bold Italic was not found, falling back to Menlo
[0.803] WARNING: Your system's OpenGL implementation does not have glCopyImageSubData, falling back to a slower implementation
[1.507] [PARSE ERROR] Escape codes to resize text area are not supported
[1.513] [PARSE ERROR] Escape codes to resize text area are not supported
[14.169] [PARSE ERROR] Escape codes to resize text area are not supported
[47.992] [PARSE ERROR] Escape codes to resize text area are not supported
[48.072] [PARSE ERROR] Escape codes to resize text area are not supported
[48.146] [PARSE ERROR] Escape codes to resize text area are not supported
[494.354] [PARSE ERROR] Escape codes to resize text area are not supported
[571.417] [PARSE ERROR] Escape codes to resize text area are not supported
[571.976] [PARSE ERROR] Escape codes to resize text area are not supported
[678.773] [PARSE ERROR] Escape codes to resize text area are not supported
[681.244] [PARSE ERROR] Escape codes to resize text area are not supported
[682.783] [PARSE ERROR] Escape codes to resize text area are not supported
[683.684] [PARSE ERROR] Escape codes to resize text area are not supported
[684.581] [PARSE ERROR] Escape codes to resize text area are not supported
[685.417] [PARSE ERROR] Escape codes to resize text area are not supported
[738.755] [PARSE ERROR] Escape codes to resize text area are not supported
[746.671] [PARSE ERROR] Escape codes to resize text area are not supported
[747.170] [PARSE ERROR] Escape codes to resize text area are not supported
[1589.917] [PARSE ERROR] Escape codes to resize text area are not supported
[1590.397] [PARSE ERROR] Escape codes to resize text area are not supported
[1591.132] [PARSE ERROR] Escape codes to resize text area are not supported
[1591.917] [PARSE ERROR] Escape codes to resize text area are not supported
[1592.777] [PARSE ERROR] Escape codes to resize text area are not supported
[8188.294] [PARSE ERROR] Escape codes to resize text area are not supported
[8202.872] [PARSE ERROR] Escape codes to resize text area are not supported
[8254.011] [PARSE ERROR] Escape codes to resize text area are not supported
[8283.925] [PARSE ERROR] Escape codes to resize text area are not supported
[8285.172] [PARSE ERROR] Escape codes to resize text area are not supported
[8285.541] [PARSE ERROR] Escape codes to resize text area are not supported
[8287.447] [PARSE ERROR] Escape codes to resize text area are not supported
[8305.149] [PARSE ERROR] Escape codes to resize text area are not supported
[8351.050] [PARSE ERROR] Escape codes to resize text area are not supported
[8393.150] [PARSE ERROR] Escape codes to resize text area are not supported
[8404.839] [PARSE ERROR] Escape codes to resize text area are not supported
[8546.401] [PARSE ERROR] Escape codes to resize text area are not supported
[8571.520] [PARSE ERROR] Escape codes to resize text area are not supported
[8581.710] [PARSE ERROR] Escape codes to resize text area are not supported
[8630.644] [PARSE ERROR] Escape codes to resize text area are not supported
[8769.237] [PARSE ERROR] Escape codes to resize text area are not supported
[9373.271] Failed to request permission for showing notification: Notifications are not allowed for this application
[9665.006] [PARSE ERROR] Escape codes to resize text area are not supported
[9665.441] [PARSE ERROR] Escape codes to resize text area are not supported
[9665.974] [PARSE ERROR] Escape codes to resize text area are not supported
[9666.926] [PARSE ERROR] Escape codes to resize text area are not supported
[12587.669] Failed to request permission for showing notification: Notifications are not allowed for this application
[12890.000] [PARSE ERROR] Escape codes to resize text area are not supported
[12890.588] [PARSE ERROR] Escape codes to resize text area are not supported
[12902.773] [PARSE ERROR] Escape codes to resize text area are not supported
[13026.233] [PARSE ERROR] Escape codes to resize text area are not supported
[13666.671] [PARSE ERROR] Escape codes to resize text area are not supported
[13816.463] [PARSE ERROR] Escape codes to resize text area are not supported
[13915.313] [PARSE ERROR] Escape codes to resize text area are not supported
[13975.827] [PARSE ERROR] Escape codes to resize text area are not supported
[13982.166] [PARSE ERROR] Escape codes to resize text area are not supported
[13983.255] [PARSE ERROR] Escape codes to resize text area are not supported
[13984.034] [PARSE ERROR] Escape codes to resize text area are not supported
[14002.733] [PARSE ERROR] Escape codes to resize text area are not supported
[14051.887] [PARSE ERROR] Escape codes to resize text area are not supported
[14092.478] [PARSE ERROR] Escape codes to resize text area are not supported
[14108.807] [PARSE ERROR] Escape codes to resize text area are not supported
[14198.605] [PARSE ERROR] Escape codes to resize text area are not supported
[14451.682] [PARSE ERROR] Escape codes to resize text area are not supported
[14453.991] [PARSE ERROR] Escape codes to resize text area are not supported
[14455.301] [PARSE ERROR] Escape codes to resize text area are not supported
[14460.647] [PARSE ERROR] Escape codes to resize text area are not supported
[14461.034] [PARSE ERROR] Escape codes to resize text area are not supported
[18894.432] [PARSE ERROR] Escape codes to resize text area are not supported
[18917.650] [PARSE ERROR] Escape codes to resize text area are not supported
[18939.980] [PARSE ERROR] Escape codes to resize text area are not supported
[18946.135] [PARSE ERROR] Escape codes to resize text area are not supported
[18986.288] [PARSE ERROR] Escape codes to resize text area are not supported
[19153.956] [PARSE ERROR] Escape codes to resize text area are not supported
[20525.193] [PARSE ERROR] Escape codes to resize text area are not supported
[21020.073] [PARSE ERROR] Escape codes to resize text area are not supported
[21180.750] [PARSE ERROR] Escape codes to resize text area are not supported
[21184.574] [PARSE ERROR] Escape codes to resize text area are not supported
[21185.195] [PARSE ERROR] Escape codes to resize text area are not supported
[21223.086] [PARSE ERROR] Escape codes to resize text area are not supported
[21281.444] [PARSE ERROR] Escape codes to resize text area are not supported
[21331.389] [PARSE ERROR] Escape codes to resize text area are not supported
[21380.623] [PARSE ERROR] Escape codes to resize text area are not supported
[21402.046] [PARSE ERROR] Escape codes to resize text area are not supported
[21438.665] [PARSE ERROR] Escape codes to resize text area are not supported
[21448.499] [PARSE ERROR] Escape codes to resize text area are not supported
[21449.406] [PARSE ERROR] Escape codes to resize text area are not supported
[21514.302] [PARSE ERROR] Escape codes to resize text area are not supported
[21520.993] [PARSE ERROR] Escape codes to resize text area are not supported
[21536.031] [PARSE ERROR] Escape codes to resize text area are not supported
[21744.430] [PARSE ERROR] Escape codes to resize text area are not supported
[61217.230] Custom draw tab function failed with error: argument should be a str or an os.PathLike object where __fspath__ returns a str, not 'NoneType'
[61217.231] Custom draw tab function failed with error: argument should be a str or an os.PathLike object where __fspath__ returns a str, not 'NoneType'
[61217.232] Custom draw tab function failed with error: argument should be a str or an os.PathLike object where __fspath__ returns a str, not 'NoneType'
[61217.232] Custom draw tab function failed with error: argument should be a str or an os.PathLike object where __fspath__ returns a str, not 'NoneType'
[61217.258] [PARSE ERROR] Escape codes to resize text area are not supported
[61221.481] [PARSE ERROR] Escape codes to resize text area are not supported
[61221.486] [PARSE ERROR] Escape codes to resize text area are not supported
